Archive member included because of file (symbol)

c:/microsemi/softconsole_v4.0/arm-none-eabi-gcc/bin/../lib/gcc/arm-none-eabi/4.9.3/../../../../arm-none-eabi/lib/armv6-m\libg_nano.a(lib_a-abort.o)
                              ./hal/CortexM1/GNU/newlib_stubs.o (abort)
c:/microsemi/softconsole_v4.0/arm-none-eabi-gcc/bin/../lib/gcc/arm-none-eabi/4.9.3/../../../../arm-none-eabi/lib/armv6-m\libg_nano.a(lib_a-reent.o)
                              ./hal/CortexM1/GNU/newlib_stubs.o (errno)
c:/microsemi/softconsole_v4.0/arm-none-eabi-gcc/bin/../lib/gcc/arm-none-eabi/4.9.3/../../../../arm-none-eabi/lib/armv6-m\libg_nano.a(lib_a-signal.o)
                              c:/microsemi/softconsole_v4.0/arm-none-eabi-gcc/bin/../lib/gcc/arm-none-eabi/4.9.3/../../../../arm-none-eabi/lib/armv6-m\libg_nano.a(lib_a-abort.o) (raise)
c:/microsemi/softconsole_v4.0/arm-none-eabi-gcc/bin/../lib/gcc/arm-none-eabi/4.9.3/../../../../arm-none-eabi/lib/armv6-m\libg_nano.a(lib_a-signalr.o)
                              c:/microsemi/softconsole_v4.0/arm-none-eabi-gcc/bin/../lib/gcc/arm-none-eabi/4.9.3/../../../../arm-none-eabi/lib/armv6-m\libg_nano.a(lib_a-signal.o) (_kill_r)
c:/microsemi/softconsole_v4.0/arm-none-eabi-gcc/bin/../lib/gcc/arm-none-eabi/4.9.3/../../../../arm-none-eabi/lib/armv6-m\libg_nano.a(lib_a-syswrite.o)
                              ./hal/CortexM1/GNU/newlib_stubs.o (write)
c:/microsemi/softconsole_v4.0/arm-none-eabi-gcc/bin/../lib/gcc/arm-none-eabi/4.9.3/../../../../arm-none-eabi/lib/armv6-m\libg_nano.a(lib_a-impure.o)
                              c:/microsemi/softconsole_v4.0/arm-none-eabi-gcc/bin/../lib/gcc/arm-none-eabi/4.9.3/../../../../arm-none-eabi/lib/armv6-m\libg_nano.a(lib_a-reent.o) (_impure_ptr)
c:/microsemi/softconsole_v4.0/arm-none-eabi-gcc/bin/../lib/gcc/arm-none-eabi/4.9.3/../../../../arm-none-eabi/lib/armv6-m\libg_nano.a(lib_a-nano-freer.o)
                              c:/microsemi/softconsole_v4.0/arm-none-eabi-gcc/bin/../lib/gcc/arm-none-eabi/4.9.3/../../../../arm-none-eabi/lib/armv6-m\libg_nano.a(lib_a-reent.o) (_free_r)
c:/microsemi/softconsole_v4.0/arm-none-eabi-gcc/bin/../lib/gcc/arm-none-eabi/4.9.3/../../../../arm-none-eabi/lib/armv6-m\libg_nano.a(lib_a-nano-mallocr.o)
                              c:/microsemi/softconsole_v4.0/arm-none-eabi-gcc/bin/../lib/gcc/arm-none-eabi/4.9.3/../../../../arm-none-eabi/lib/armv6-m\libg_nano.a(lib_a-signal.o) (_malloc_r)
c:/microsemi/softconsole_v4.0/arm-none-eabi-gcc/bin/../lib/gcc/arm-none-eabi/4.9.3/../../../../arm-none-eabi/lib/armv6-m\libg_nano.a(lib_a-sbrkr.o)
                              c:/microsemi/softconsole_v4.0/arm-none-eabi-gcc/bin/../lib/gcc/arm-none-eabi/4.9.3/../../../../arm-none-eabi/lib/armv6-m\libg_nano.a(lib_a-nano-mallocr.o) (_sbrk_r)

Allocating common symbols
Common symbol       size              file

g_timer0            0x4               ./main.o
g_gpio              0x8               ./main.o
errno               0x4               c:/microsemi/softconsole_v4.0/arm-none-eabi-gcc/bin/../lib/gcc/arm-none-eabi/4.9.3/../../../../arm-none-eabi/lib/armv6-m\libg_nano.a(lib_a-reent.o)
tm1schedulecounter  0x4               ./main.o
cycle_0             0x4               ./main.o
tm2schedulecounter  0x4               ./main.o
startbit            0x4               ./main.o
cycle_1             0x4               ./main.o

Discarded input sections

 .group         0x00000000        0x8 ./hal/CortexM1/GNU/default_handlers.o
 .text          0x00000000        0x0 ./hal/CortexM1/GNU/default_handlers.o
 .data          0x00000000        0x0 ./hal/CortexM1/GNU/default_handlers.o
 .bss           0x00000000        0x0 ./hal/CortexM1/GNU/default_handlers.o
 .text          0x00000000        0xe ./hal/CortexM1/GNU/hal.o
 .data          0x00000000        0x0 ./hal/CortexM1/GNU/hal.o
 .bss           0x00000000        0x0 ./hal/CortexM1/GNU/hal.o
 .group         0x00000000        0x8 ./hal/CortexM1/GNU/hal_assert.o
 .group         0x00000000        0x8 ./hal/CortexM1/GNU/hal_assert.o
 .group         0x00000000        0x8 ./hal/CortexM1/GNU/hal_assert.o
 .group         0x00000000        0x8 ./hal/CortexM1/GNU/hal_assert.o
 .group         0x00000000        0x8 ./hal/CortexM1/GNU/hal_assert.o
 .group         0x00000000        0x8 ./hal/CortexM1/GNU/hal_assert.o
 .group         0x00000000        0x8 ./hal/CortexM1/GNU/hal_assert.o
 .group         0x00000000        0x8 ./hal/CortexM1/GNU/hal_assert.o
 .text          0x00000000        0x0 ./hal/CortexM1/GNU/hal_assert.o
 .data          0x00000000        0x0 ./hal/CortexM1/GNU/hal_assert.o
 .bss           0x00000000        0x0 ./hal/CortexM1/GNU/hal_assert.o
 .debug_macro   0x00000000      0x820 ./hal/CortexM1/GNU/hal_assert.o
 .data          0x00000000        0x0 ./hal/CortexM1/GNU/hw_reg_access.o
 .bss           0x00000000        0x0 ./hal/CortexM1/GNU/hw_reg_access.o
 .group         0x00000000        0x8 ./hal/CortexM1/GNU/newlib_stubs.o
 .group         0x00000000        0x8 ./hal/CortexM1/GNU/newlib_stubs.o
 .group         0x00000000        0x8 ./hal/CortexM1/GNU/newlib_stubs.o
 .group         0x00000000        0x8 ./hal/CortexM1/GNU/newlib_stubs.o
 .group         0x00000000        0x8 ./hal/CortexM1/GNU/newlib_stubs.o
 .group         0x00000000        0x8 ./hal/CortexM1/GNU/newlib_stubs.o
 .group         0x00000000        0x8 ./hal/CortexM1/GNU/newlib_stubs.o
 .group         0x00000000        0x8 ./hal/CortexM1/GNU/newlib_stubs.o
 .group         0x00000000        0x8 ./hal/CortexM1/GNU/newlib_stubs.o
 .group         0x00000000        0x8 ./hal/CortexM1/GNU/newlib_stubs.o
 .group         0x00000000        0x8 ./hal/CortexM1/GNU/newlib_stubs.o
 .group         0x00000000        0x8 ./hal/CortexM1/GNU/newlib_stubs.o
 .group         0x00000000        0x8 ./hal/CortexM1/GNU/newlib_stubs.o
 .group         0x00000000        0x8 ./hal/CortexM1/GNU/newlib_stubs.o
 .group         0x00000000        0x8 ./hal/CortexM1/GNU/newlib_stubs.o
 .group         0x00000000        0x8 ./hal/CortexM1/GNU/newlib_stubs.o
 .group         0x00000000        0x8 ./hal/CortexM1/GNU/newlib_stubs.o
 .group         0x00000000        0x8 ./hal/CortexM1/GNU/newlib_stubs.o
 .group         0x00000000        0x8 ./hal/CortexM1/GNU/newlib_stubs.o
 .group         0x00000000        0x8 ./hal/CortexM1/GNU/newlib_stubs.o
 .group         0x00000000        0x8 ./hal/CortexM1/GNU/newlib_stubs.o
 .group         0x00000000        0x8 ./hal/CortexM1/GNU/newlib_stubs.o
 .group         0x00000000        0x8 ./hal/CortexM1/GNU/newlib_stubs.o
 .group         0x00000000        0x8 ./hal/CortexM1/GNU/newlib_stubs.o
 .group         0x00000000        0x8 ./hal/CortexM1/GNU/newlib_stubs.o
 .group         0x00000000        0x8 ./hal/CortexM1/GNU/newlib_stubs.o
 .group         0x00000000        0x8 ./hal/CortexM1/GNU/newlib_stubs.o
 .group         0x00000000        0x8 ./hal/CortexM1/GNU/newlib_stubs.o
 .group         0x00000000        0x8 ./hal/CortexM1/GNU/newlib_stubs.o
 .group         0x00000000        0x8 ./hal/CortexM1/GNU/newlib_stubs.o
 .group         0x00000000        0x8 ./hal/CortexM1/GNU/newlib_stubs.o
 .text          0x00000000        0x0 ./hal/CortexM1/GNU/newlib_stubs.o
 .data          0x00000000        0x0 ./hal/CortexM1/GNU/newlib_stubs.o
 .bss           0x00000000        0x0 ./hal/CortexM1/GNU/newlib_stubs.o
 .bss.__env     0x00000000        0x4 ./hal/CortexM1/GNU/newlib_stubs.o
 .data.environ  0x00000000        0x4 ./hal/CortexM1/GNU/newlib_stubs.o
 .text._close   0x00000000       0x14 ./hal/CortexM1/GNU/newlib_stubs.o
 .text._execve  0x00000000       0x24 ./hal/CortexM1/GNU/newlib_stubs.o
 .text._exit    0x00000000        0xc ./hal/CortexM1/GNU/newlib_stubs.o
 .text._fork    0x00000000       0x18 ./hal/CortexM1/GNU/newlib_stubs.o
 .text._fstat   0x00000000       0x1c ./hal/CortexM1/GNU/newlib_stubs.o
 .text._getpid  0x00000000        0xc ./hal/CortexM1/GNU/newlib_stubs.o
 .text._isatty  0x00000000       0x14 ./hal/CortexM1/GNU/newlib_stubs.o
 .text._kill    0x00000000       0x20 ./hal/CortexM1/GNU/newlib_stubs.o
 .text._link    0x00000000       0x20 ./hal/CortexM1/GNU/newlib_stubs.o
 .text._lseek   0x00000000       0x18 ./hal/CortexM1/GNU/newlib_stubs.o
 .text._open    0x00000000       0x18 ./hal/CortexM1/GNU/newlib_stubs.o
 .text._read    0x00000000       0x18 ./hal/CortexM1/GNU/newlib_stubs.o
 .rodata        0x00000000       0x1a ./hal/CortexM1/GNU/newlib_stubs.o
 .text._sbrk    0x00000000       0x64 ./hal/CortexM1/GNU/newlib_stubs.o
 .text._stat    0x00000000       0x1c ./hal/CortexM1/GNU/newlib_stubs.o
 .text._times   0x00000000       0x14 ./hal/CortexM1/GNU/newlib_stubs.o
 .text._unlink  0x00000000       0x20 ./hal/CortexM1/GNU/newlib_stubs.o
 .text._wait    0x00000000       0x20 ./hal/CortexM1/GNU/newlib_stubs.o
 .text._write_r
                0x00000000       0x18 ./hal/CortexM1/GNU/newlib_stubs.o
 .bss.heap_end.5157
                0x00000000        0x4 ./hal/CortexM1/GNU/newlib_stubs.o
 .debug_macro   0x00000000      0x820 ./hal/CortexM1/GNU/newlib_stubs.o
 .debug_macro   0x00000000       0x22 ./hal/CortexM1/GNU/newlib_stubs.o
 .debug_macro   0x00000000       0x22 ./hal/CortexM1/GNU/newlib_stubs.o
 .group         0x00000000        0x8 ./hal/CortexM1/GNU/sys_boot.o
 .text          0x00000000        0x0 ./hal/CortexM1/GNU/sys_boot.o
 .data          0x00000000        0x0 ./hal/CortexM1/GNU/sys_boot.o
 .bss           0x00000000        0x0 ./hal/CortexM1/GNU/sys_boot.o
 .debug_macro   0x00000000      0x820 ./hal/CortexM1/GNU/sys_boot.o
 .text          0x00000000        0x0 ./hal/CortexM1/GNU/vector_table.o
 .data          0x00000000        0x0 ./hal/CortexM1/GNU/vector_table.o
 .bss           0x00000000        0x0 ./hal/CortexM1/GNU/vector_table.o
 .group         0x00000000        0x8 ./hal/CortexM1/cortex_nvic.o
 .group         0x00000000        0x8 ./hal/CortexM1/cortex_nvic.o
 .group         0x00000000        0x8 ./hal/CortexM1/cortex_nvic.o
 .group         0x00000000        0x8 ./hal/CortexM1/cortex_nvic.o
 .group         0x00000000        0x8 ./hal/CortexM1/cortex_nvic.o
 .group         0x00000000        0x8 ./hal/CortexM1/cortex_nvic.o
 .group         0x00000000        0x8 ./hal/CortexM1/cortex_nvic.o
 .group         0x00000000        0x8 ./hal/CortexM1/cortex_nvic.o
 .group         0x00000000        0x8 ./hal/CortexM1/cortex_nvic.o
 .text          0x00000000        0x0 ./hal/CortexM1/cortex_nvic.o
 .data          0x00000000        0x0 ./hal/CortexM1/cortex_nvic.o
 .bss           0x00000000        0x0 ./hal/CortexM1/cortex_nvic.o
 .text.NVIC_set_priority
                0x00000000       0x10 ./hal/CortexM1/cortex_nvic.o
 .text.NVIC_disable_interrupt
                0x00000000       0x28 ./hal/CortexM1/cortex_nvic.o
 .debug_macro   0x00000000      0x820 ./hal/CortexM1/cortex_nvic.o
 .debug_macro   0x00000000       0x22 ./hal/CortexM1/cortex_nvic.o
 .debug_macro   0x00000000       0x44 ./hal/CortexM1/cortex_nvic.o
 .debug_macro   0x00000000       0x58 ./hal/CortexM1/cortex_nvic.o
 .debug_macro   0x00000000       0x22 ./hal/CortexM1/cortex_nvic.o
 .debug_macro   0x00000000      0x1df ./hal/CortexM1/cortex_nvic.o
 .debug_macro   0x00000000       0x64 ./hal/CortexM1/cortex_nvic.o
 .group         0x00000000        0x8 ./drivers/CoreTimer/core_timer.o
 .group         0x00000000        0x8 ./drivers/CoreTimer/core_timer.o
 .group         0x00000000        0x8 ./drivers/CoreTimer/core_timer.o
 .group         0x00000000        0x8 ./drivers/CoreTimer/core_timer.o
 .group         0x00000000        0x8 ./drivers/CoreTimer/core_timer.o
 .group         0x00000000        0x8 ./drivers/CoreTimer/core_timer.o
 .group         0x00000000        0x8 ./drivers/CoreTimer/core_timer.o
 .group         0x00000000        0x8 ./drivers/CoreTimer/core_timer.o
 .group         0x00000000        0x8 ./drivers/CoreTimer/core_timer.o
 .group         0x00000000        0x8 ./drivers/CoreTimer/core_timer.o
 .text          0x00000000        0x0 ./drivers/CoreTimer/core_timer.o
 .data          0x00000000        0x0 ./drivers/CoreTimer/core_timer.o
 .bss           0x00000000        0x0 ./drivers/CoreTimer/core_timer.o
 .text.TMR_stop
                0x00000000       0x54 ./drivers/CoreTimer/core_timer.o
 .text.TMR_current_value
                0x00000000       0x5c ./drivers/CoreTimer/core_timer.o
 .text.TMR_reload
                0x00000000       0x7c ./drivers/CoreTimer/core_timer.o
 .debug_macro   0x00000000      0x820 ./drivers/CoreTimer/core_timer.o
 .debug_macro   0x00000000       0x22 ./drivers/CoreTimer/core_timer.o
 .debug_macro   0x00000000       0x44 ./drivers/CoreTimer/core_timer.o
 .debug_macro   0x00000000       0x58 ./drivers/CoreTimer/core_timer.o
 .debug_macro   0x00000000       0x22 ./drivers/CoreTimer/core_timer.o
 .debug_macro   0x00000000      0x1df ./drivers/CoreTimer/core_timer.o
 .debug_macro   0x00000000       0x64 ./drivers/CoreTimer/core_timer.o
 .debug_macro   0x00000000       0x10 ./drivers/CoreTimer/core_timer.o
 .group         0x00000000        0x8 ./drivers/CoreGPIO/core_gpio.o
 .group         0x00000000        0x8 ./drivers/CoreGPIO/core_gpio.o
 .group         0x00000000        0x8 ./drivers/CoreGPIO/core_gpio.o
 .group         0x00000000        0x8 ./drivers/CoreGPIO/core_gpio.o
 .group         0x00000000        0x8 ./drivers/CoreGPIO/core_gpio.o
 .group         0x00000000        0x8 ./drivers/CoreGPIO/core_gpio.o
 .group         0x00000000        0x8 ./drivers/CoreGPIO/core_gpio.o
 .group         0x00000000        0x8 ./drivers/CoreGPIO/core_gpio.o
 .group         0x00000000        0x8 ./drivers/CoreGPIO/core_gpio.o
 .group         0x00000000        0x8 ./drivers/CoreGPIO/core_gpio.o
 .text          0x00000000        0x0 ./drivers/CoreGPIO/core_gpio.o
 .data          0x00000000        0x0 ./drivers/CoreGPIO/core_gpio.o
 .bss           0x00000000        0x0 ./drivers/CoreGPIO/core_gpio.o
 .text.GPIO_set_outputs
                0x00000000      0x108 ./drivers/CoreGPIO/core_gpio.o
 .text.GPIO_get_inputs
                0x00000000       0xf0 ./drivers/CoreGPIO/core_gpio.o
 .text.GPIO_get_outputs
                0x00000000       0xf0 ./drivers/CoreGPIO/core_gpio.o
 .text.GPIO_drive_inout
                0x00000000      0x138 ./drivers/CoreGPIO/core_gpio.o
 .text.GPIO_enable_irq
                0x00000000       0x80 ./drivers/CoreGPIO/core_gpio.o
 .text.GPIO_disable_irq
                0x00000000       0x80 ./drivers/CoreGPIO/core_gpio.o
 .text.GPIO_clear_irq
                0x00000000       0xe8 ./drivers/CoreGPIO/core_gpio.o
 .debug_macro   0x00000000      0x820 ./drivers/CoreGPIO/core_gpio.o
 .debug_macro   0x00000000       0x22 ./drivers/CoreGPIO/core_gpio.o
 .debug_macro   0x00000000       0x44 ./drivers/CoreGPIO/core_gpio.o
 .debug_macro   0x00000000       0x58 ./drivers/CoreGPIO/core_gpio.o
 .debug_macro   0x00000000       0x22 ./drivers/CoreGPIO/core_gpio.o
 .debug_macro   0x00000000      0x1df ./drivers/CoreGPIO/core_gpio.o
 .debug_macro   0x00000000       0x64 ./drivers/CoreGPIO/core_gpio.o
 .debug_macro   0x00000000       0x10 ./drivers/CoreGPIO/core_gpio.o
 .group         0x00000000        0x8 ./drivers/CoreBRM1553/core_brm1553.o
 .group         0x00000000        0x8 ./drivers/CoreBRM1553/core_brm1553.o
 .group         0x00000000        0x8 ./drivers/CoreBRM1553/core_brm1553.o
 .group         0x00000000        0x8 ./drivers/CoreBRM1553/core_brm1553.o
 .group         0x00000000        0x8 ./drivers/CoreBRM1553/core_brm1553.o
 .group         0x00000000        0x8 ./drivers/CoreBRM1553/core_brm1553.o
 .group         0x00000000        0x8 ./drivers/CoreBRM1553/core_brm1553.o
 .group         0x00000000        0x8 ./drivers/CoreBRM1553/core_brm1553.o
 .group         0x00000000        0x8 ./drivers/CoreBRM1553/core_brm1553.o
 .group         0x00000000        0x8 ./drivers/CoreBRM1553/core_brm1553.o
 .group         0x00000000        0x8 ./drivers/CoreBRM1553/core_brm1553.o
 .group         0x00000000        0x8 ./drivers/CoreBRM1553/core_brm1553.o
 .group         0x00000000        0x8 ./drivers/CoreBRM1553/core_brm1553.o
 .group         0x00000000        0x8 ./drivers/CoreBRM1553/core_brm1553.o
 .group         0x00000000        0x8 ./drivers/CoreBRM1553/core_brm1553.o
 .group         0x00000000        0x8 ./drivers/CoreBRM1553/core_brm1553.o
 .group         0x00000000        0x8 ./drivers/CoreBRM1553/core_brm1553.o
 .group         0x00000000        0x8 ./drivers/CoreBRM1553/core_brm1553.o
 .group         0x00000000        0x8 ./drivers/CoreBRM1553/core_brm1553.o
 .group         0x00000000        0x8 ./drivers/CoreBRM1553/core_brm1553.o
 .group         0x00000000        0x8 ./drivers/CoreBRM1553/core_brm1553.o
 .group         0x00000000        0x8 ./drivers/CoreBRM1553/core_brm1553.o
 .group         0x00000000        0x8 ./drivers/CoreBRM1553/core_brm1553.o
 .group         0x00000000        0x8 ./drivers/CoreBRM1553/core_brm1553.o
 .group         0x00000000        0x8 ./drivers/CoreBRM1553/core_brm1553.o
 .group         0x00000000        0x8 ./drivers/CoreBRM1553/core_brm1553.o
 .group         0x00000000        0x8 ./drivers/CoreBRM1553/core_brm1553.o
 .group         0x00000000        0x8 ./drivers/CoreBRM1553/core_brm1553.o
 .group         0x00000000        0x8 ./drivers/CoreBRM1553/core_brm1553.o
 .group         0x00000000        0x8 ./drivers/CoreBRM1553/core_brm1553.o
 .group         0x00000000        0x8 ./drivers/CoreBRM1553/core_brm1553.o
 .text          0x00000000        0x0 ./drivers/CoreBRM1553/core_brm1553.o
 .data          0x00000000        0x0 ./drivers/CoreBRM1553/core_brm1553.o
 .bss           0x00000000        0x0 ./drivers/CoreBRM1553/core_brm1553.o
 .debug_macro   0x00000000      0x820 ./drivers/CoreBRM1553/core_brm1553.o
 .debug_macro   0x00000000       0x22 ./drivers/CoreBRM1553/core_brm1553.o
 .debug_macro   0x00000000       0x44 ./drivers/CoreBRM1553/core_brm1553.o
 .debug_macro   0x00000000       0x58 ./drivers/CoreBRM1553/core_brm1553.o
 .debug_macro   0x00000000       0x22 ./drivers/CoreBRM1553/core_brm1553.o
 .debug_macro   0x00000000      0x1df ./drivers/CoreBRM1553/core_brm1553.o
 .debug_macro   0x00000000       0x64 ./drivers/CoreBRM1553/core_brm1553.o
 .debug_macro   0x00000000       0x10 ./drivers/CoreBRM1553/core_brm1553.o
 .debug_macro   0x00000000       0x58 ./drivers/CoreBRM1553/core_brm1553.o
 .debug_macro   0x00000000       0x35 ./drivers/CoreBRM1553/core_brm1553.o
 .debug_macro   0x00000000       0x9c ./drivers/CoreBRM1553/core_brm1553.o
 .debug_macro   0x00000000       0x52 ./drivers/CoreBRM1553/core_brm1553.o
 .debug_macro   0x00000000       0x16 ./drivers/CoreBRM1553/core_brm1553.o
 .debug_macro   0x00000000       0x43 ./drivers/CoreBRM1553/core_brm1553.o
 .debug_macro   0x00000000      0x180 ./drivers/CoreBRM1553/core_brm1553.o
 .debug_macro   0x00000000       0x35 ./drivers/CoreBRM1553/core_brm1553.o
 .debug_macro   0x00000000       0x10 ./drivers/CoreBRM1553/core_brm1553.o
 .debug_macro   0x00000000       0x10 ./drivers/CoreBRM1553/core_brm1553.o
 .debug_macro   0x00000000       0x10 ./drivers/CoreBRM1553/core_brm1553.o
 .debug_macro   0x00000000       0x22 ./drivers/CoreBRM1553/core_brm1553.o
 .debug_macro   0x00000000       0xbe ./drivers/CoreBRM1553/core_brm1553.o
 .debug_macro   0x00000000      0x27a ./drivers/CoreBRM1553/core_brm1553.o
 .debug_macro   0x00000000       0x10 ./drivers/CoreBRM1553/core_brm1553.o
 .debug_macro   0x00000000       0x35 ./drivers/CoreBRM1553/core_brm1553.o
 .group         0x00000000        0x8 ./main.o
 .group         0x00000000        0x8 ./main.o
 .group         0x00000000        0x8 ./main.o
 .group         0x00000000        0x8 ./main.o
 .group         0x00000000        0x8 ./main.o
 .group         0x00000000        0x8 ./main.o
 .group         0x00000000        0x8 ./main.o
 .group         0x00000000        0x8 ./main.o
 .group         0x00000000        0x8 ./main.o
 .group         0x00000000        0x8 ./main.o
 .group         0x00000000        0x8 ./main.o
 .group         0x00000000        0x8 ./main.o
 .text          0x00000000        0x0 ./main.o
 .data          0x00000000        0x0 ./main.o
 .bss           0x00000000        0x0 ./main.o
 .debug_macro   0x00000000      0x820 ./main.o
 .debug_macro   0x00000000       0x22 ./main.o
 .debug_macro   0x00000000       0x44 ./main.o
 .debug_macro   0x00000000       0x58 ./main.o
 .debug_macro   0x00000000       0x22 ./main.o
 .debug_macro   0x00000000      0x1df ./main.o
 .debug_macro   0x00000000       0x64 ./main.o
 .debug_macro   0x00000000       0x10 ./main.o
 .text          0x00000000        0x0 c:/microsemi/softconsole_v4.0/arm-none-eabi-gcc/bin/../lib/gcc/arm-none-eabi/4.9.3/../../../../arm-none-eabi/lib/armv6-m\libg_nano.a(lib_a-abort.o)
 .data          0x00000000        0x0 c:/microsemi/softconsole_v4.0/arm-none-eabi-gcc/bin/../lib/gcc/arm-none-eabi/4.9.3/../../../../arm-none-eabi/lib/armv6-m\libg_nano.a(lib_a-abort.o)
 .bss           0x00000000        0x0 c:/microsemi/softconsole_v4.0/arm-none-eabi-gcc/bin/../lib/gcc/arm-none-eabi/4.9.3/../../../../arm-none-eabi/lib/armv6-m\libg_nano.a(lib_a-abort.o)
 .text.abort    0x00000000        0xe c:/microsemi/softconsole_v4.0/arm-none-eabi-gcc/bin/../lib/gcc/arm-none-eabi/4.9.3/../../../../arm-none-eabi/lib/armv6-m\libg_nano.a(lib_a-abort.o)
 .text          0x00000000        0x0 c:/microsemi/softconsole_v4.0/arm-none-eabi-gcc/bin/../lib/gcc/arm-none-eabi/4.9.3/../../../../arm-none-eabi/lib/armv6-m\libg_nano.a(lib_a-reent.o)
 .data          0x00000000        0x0 c:/microsemi/softconsole_v4.0/arm-none-eabi-gcc/bin/../lib/gcc/arm-none-eabi/4.9.3/../../../../arm-none-eabi/lib/armv6-m\libg_nano.a(lib_a-reent.o)
 .bss           0x00000000        0x0 c:/microsemi/softconsole_v4.0/arm-none-eabi-gcc/bin/../lib/gcc/arm-none-eabi/4.9.3/../../../../arm-none-eabi/lib/armv6-m\libg_nano.a(lib_a-reent.o)
 .text.cleanup_glue
                0x00000000       0x1a c:/microsemi/softconsole_v4.0/arm-none-eabi-gcc/bin/../lib/gcc/arm-none-eabi/4.9.3/../../../../arm-none-eabi/lib/armv6-m\libg_nano.a(lib_a-reent.o)
 .text._reclaim_reent
                0x00000000       0xcc c:/microsemi/softconsole_v4.0/arm-none-eabi-gcc/bin/../lib/gcc/arm-none-eabi/4.9.3/../../../../arm-none-eabi/lib/armv6-m\libg_nano.a(lib_a-reent.o)
 COMMON         0x00000000        0x4 c:/microsemi/softconsole_v4.0/arm-none-eabi-gcc/bin/../lib/gcc/arm-none-eabi/4.9.3/../../../../arm-none-eabi/lib/armv6-m\libg_nano.a(lib_a-reent.o)
 .text          0x00000000        0x0 c:/microsemi/softconsole_v4.0/arm-none-eabi-gcc/bin/../lib/gcc/arm-none-eabi/4.9.3/../../../../arm-none-eabi/lib/armv6-m\libg_nano.a(lib_a-signal.o)
 .data          0x00000000        0x0 c:/microsemi/softconsole_v4.0/arm-none-eabi-gcc/bin/../lib/gcc/arm-none-eabi/4.9.3/../../../../arm-none-eabi/lib/armv6-m\libg_nano.a(lib_a-signal.o)
 .bss           0x00000000        0x0 c:/microsemi/softconsole_v4.0/arm-none-eabi-gcc/bin/../lib/gcc/arm-none-eabi/4.9.3/../../../../arm-none-eabi/lib/armv6-m\libg_nano.a(lib_a-signal.o)
 .text._init_signal_r
                0x00000000       0x30 c:/microsemi/softconsole_v4.0/arm-none-eabi-gcc/bin/../lib/gcc/arm-none-eabi/4.9.3/../../../../arm-none-eabi/lib/armv6-m\libg_nano.a(lib_a-signal.o)
 .text._signal_r
                0x00000000       0x32 c:/microsemi/softconsole_v4.0/arm-none-eabi-gcc/bin/../lib/gcc/arm-none-eabi/4.9.3/../../../../arm-none-eabi/lib/armv6-m\libg_nano.a(lib_a-signal.o)
 .text._raise_r
                0x00000000       0x54 c:/microsemi/softconsole_v4.0/arm-none-eabi-gcc/bin/../lib/gcc/arm-none-eabi/4.9.3/../../../../arm-none-eabi/lib/armv6-m\libg_nano.a(lib_a-signal.o)
 .text.__sigtramp_r
                0x00000000       0x48 c:/microsemi/softconsole_v4.0/arm-none-eabi-gcc/bin/../lib/gcc/arm-none-eabi/4.9.3/../../../../arm-none-eabi/lib/armv6-m\libg_nano.a(lib_a-signal.o)
 .text.raise    0x00000000       0x14 c:/microsemi/softconsole_v4.0/arm-none-eabi-gcc/bin/../lib/gcc/arm-none-eabi/4.9.3/../../../../arm-none-eabi/lib/armv6-m\libg_nano.a(lib_a-signal.o)
 .text.signal   0x00000000       0x18 c:/microsemi/softconsole_v4.0/arm-none-eabi-gcc/bin/../lib/gcc/arm-none-eabi/4.9.3/../../../../arm-none-eabi/lib/armv6-m\libg_nano.a(lib_a-signal.o)
 .text._init_signal
                0x00000000       0x10 c:/microsemi/softconsole_v4.0/arm-none-eabi-gcc/bin/../lib/gcc/arm-none-eabi/4.9.3/../../../../arm-none-eabi/lib/armv6-m\libg_nano.a(lib_a-signal.o)
 .text.__sigtramp
                0x00000000       0x14 c:/microsemi/softconsole_v4.0/arm-none-eabi-gcc/bin/../lib/gcc/arm-none-eabi/4.9.3/../../../../arm-none-eabi/lib/armv6-m\libg_nano.a(lib_a-signal.o)
 .text          0x00000000        0x0 c:/microsemi/softconsole_v4.0/arm-none-eabi-gcc/bin/../lib/gcc/arm-none-eabi/4.9.3/../../../../arm-none-eabi/lib/armv6-m\libg_nano.a(lib_a-signalr.o)
 .data          0x00000000        0x0 c:/microsemi/softconsole_v4.0/arm-none-eabi-gcc/bin/../lib/gcc/arm-none-eabi/4.9.3/../../../../arm-none-eabi/lib/armv6-m\libg_nano.a(lib_a-signalr.o)
 .bss           0x00000000        0x0 c:/microsemi/softconsole_v4.0/arm-none-eabi-gcc/bin/../lib/gcc/arm-none-eabi/4.9.3/../../../../arm-none-eabi/lib/armv6-m\libg_nano.a(lib_a-signalr.o)
 .text._kill_r  0x00000000       0x24 c:/microsemi/softconsole_v4.0/arm-none-eabi-gcc/bin/../lib/gcc/arm-none-eabi/4.9.3/../../../../arm-none-eabi/lib/armv6-m\libg_nano.a(lib_a-signalr.o)
 .text._getpid_r
                0x00000000        0x8 c:/microsemi/softconsole_v4.0/arm-none-eabi-gcc/bin/../lib/gcc/arm-none-eabi/4.9.3/../../../../arm-none-eabi/lib/armv6-m\libg_nano.a(lib_a-signalr.o)
 .text          0x00000000        0x0 c:/microsemi/softconsole_v4.0/arm-none-eabi-gcc/bin/../lib/gcc/arm-none-eabi/4.9.3/../../../../arm-none-eabi/lib/armv6-m\libg_nano.a(lib_a-syswrite.o)
 .data          0x00000000        0x0 c:/microsemi/softconsole_v4.0/arm-none-eabi-gcc/bin/../lib/gcc/arm-none-eabi/4.9.3/../../../../arm-none-eabi/lib/armv6-m\libg_nano.a(lib_a-syswrite.o)
 .bss           0x00000000        0x0 c:/microsemi/softconsole_v4.0/arm-none-eabi-gcc/bin/../lib/gcc/arm-none-eabi/4.9.3/../../../../arm-none-eabi/lib/armv6-m\libg_nano.a(lib_a-syswrite.o)
 .text.write    0x00000000       0x1c c:/microsemi/softconsole_v4.0/arm-none-eabi-gcc/bin/../lib/gcc/arm-none-eabi/4.9.3/../../../../arm-none-eabi/lib/armv6-m\libg_nano.a(lib_a-syswrite.o)
 .text          0x00000000        0x0 c:/microsemi/softconsole_v4.0/arm-none-eabi-gcc/bin/../lib/gcc/arm-none-eabi/4.9.3/../../../../arm-none-eabi/lib/armv6-m\libg_nano.a(lib_a-impure.o)
 .data          0x00000000        0x0 c:/microsemi/softconsole_v4.0/arm-none-eabi-gcc/bin/../lib/gcc/arm-none-eabi/4.9.3/../../../../arm-none-eabi/lib/armv6-m\libg_nano.a(lib_a-impure.o)
 .bss           0x00000000        0x0 c:/microsemi/softconsole_v4.0/arm-none-eabi-gcc/bin/../lib/gcc/arm-none-eabi/4.9.3/../../../../arm-none-eabi/lib/armv6-m\libg_nano.a(lib_a-impure.o)
 .data.impure_data
                0x00000000       0x60 c:/microsemi/softconsole_v4.0/arm-none-eabi-gcc/bin/../lib/gcc/arm-none-eabi/4.9.3/../../../../arm-none-eabi/lib/armv6-m\libg_nano.a(lib_a-impure.o)
 .data._impure_ptr
                0x00000000        0x4 c:/microsemi/softconsole_v4.0/arm-none-eabi-gcc/bin/../lib/gcc/arm-none-eabi/4.9.3/../../../../arm-none-eabi/lib/armv6-m\libg_nano.a(lib_a-impure.o)
 .rodata.str1.1
                0x00000000        0x2 c:/microsemi/softconsole_v4.0/arm-none-eabi-gcc/bin/../lib/gcc/arm-none-eabi/4.9.3/../../../../arm-none-eabi/lib/armv6-m\libg_nano.a(lib_a-impure.o)
 .rodata._global_impure_ptr
                0x00000000        0x4 c:/microsemi/softconsole_v4.0/arm-none-eabi-gcc/bin/../lib/gcc/arm-none-eabi/4.9.3/../../../../arm-none-eabi/lib/armv6-m\libg_nano.a(lib_a-impure.o)
 .text          0x00000000        0x0 c:/microsemi/softconsole_v4.0/arm-none-eabi-gcc/bin/../lib/gcc/arm-none-eabi/4.9.3/../../../../arm-none-eabi/lib/armv6-m\libg_nano.a(lib_a-nano-freer.o)
 .data          0x00000000        0x0 c:/microsemi/softconsole_v4.0/arm-none-eabi-gcc/bin/../lib/gcc/arm-none-eabi/4.9.3/../../../../arm-none-eabi/lib/armv6-m\libg_nano.a(lib_a-nano-freer.o)
 .bss           0x00000000        0x0 c:/microsemi/softconsole_v4.0/arm-none-eabi-gcc/bin/../lib/gcc/arm-none-eabi/4.9.3/../../../../arm-none-eabi/lib/armv6-m\libg_nano.a(lib_a-nano-freer.o)
 .text._free_r  0x00000000       0x8c c:/microsemi/softconsole_v4.0/arm-none-eabi-gcc/bin/../lib/gcc/arm-none-eabi/4.9.3/../../../../arm-none-eabi/lib/armv6-m\libg_nano.a(lib_a-nano-freer.o)
 .text          0x00000000        0x0 c:/microsemi/softconsole_v4.0/arm-none-eabi-gcc/bin/../lib/gcc/arm-none-eabi/4.9.3/../../../../arm-none-eabi/lib/armv6-m\libg_nano.a(lib_a-nano-mallocr.o)
 .data          0x00000000        0x0 c:/microsemi/softconsole_v4.0/arm-none-eabi-gcc/bin/../lib/gcc/arm-none-eabi/4.9.3/../../../../arm-none-eabi/lib/armv6-m\libg_nano.a(lib_a-nano-mallocr.o)
 .bss           0x00000000        0x0 c:/microsemi/softconsole_v4.0/arm-none-eabi-gcc/bin/../lib/gcc/arm-none-eabi/4.9.3/../../../../arm-none-eabi/lib/armv6-m\libg_nano.a(lib_a-nano-mallocr.o)
 .text._malloc_r
                0x00000000       0xb0 c:/microsemi/softconsole_v4.0/arm-none-eabi-gcc/bin/../lib/gcc/arm-none-eabi/4.9.3/../../../../arm-none-eabi/lib/armv6-m\libg_nano.a(lib_a-nano-mallocr.o)
 .bss.__malloc_sbrk_start
                0x00000000        0x4 c:/microsemi/softconsole_v4.0/arm-none-eabi-gcc/bin/../lib/gcc/arm-none-eabi/4.9.3/../../../../arm-none-eabi/lib/armv6-m\libg_nano.a(lib_a-nano-mallocr.o)
 .bss.__malloc_free_list
                0x00000000        0x4 c:/microsemi/softconsole_v4.0/arm-none-eabi-gcc/bin/../lib/gcc/arm-none-eabi/4.9.3/../../../../arm-none-eabi/lib/armv6-m\libg_nano.a(lib_a-nano-mallocr.o)
 .text          0x00000000        0x0 c:/microsemi/softconsole_v4.0/arm-none-eabi-gcc/bin/../lib/gcc/arm-none-eabi/4.9.3/../../../../arm-none-eabi/lib/armv6-m\libg_nano.a(lib_a-sbrkr.o)
 .data          0x00000000        0x0 c:/microsemi/softconsole_v4.0/arm-none-eabi-gcc/bin/../lib/gcc/arm-none-eabi/4.9.3/../../../../arm-none-eabi/lib/armv6-m\libg_nano.a(lib_a-sbrkr.o)
 .bss           0x00000000        0x0 c:/microsemi/softconsole_v4.0/arm-none-eabi-gcc/bin/../lib/gcc/arm-none-eabi/4.9.3/../../../../arm-none-eabi/lib/armv6-m\libg_nano.a(lib_a-sbrkr.o)
 .text._sbrk_r  0x00000000       0x24 c:/microsemi/softconsole_v4.0/arm-none-eabi-gcc/bin/../lib/gcc/arm-none-eabi/4.9.3/../../../../arm-none-eabi/lib/armv6-m\libg_nano.a(lib_a-sbrkr.o)

Memory Configuration

Name             Origin             Length             Attributes
ram              0x00000000         0x00007000         xrw
*default*        0x00000000         0xffffffff

Linker script and memory map

LOAD ./hal/CortexM1/GNU/default_handlers.o
LOAD ./hal/CortexM1/GNU/hal.o
LOAD ./hal/CortexM1/GNU/hal_assert.o
LOAD ./hal/CortexM1/GNU/hw_reg_access.o
LOAD ./hal/CortexM1/GNU/newlib_stubs.o
LOAD ./hal/CortexM1/GNU/sys_boot.o
LOAD ./hal/CortexM1/GNU/vector_table.o
LOAD ./hal/CortexM1/cortex_nvic.o
LOAD ./drivers/CoreTimer/core_timer.o
LOAD ./drivers/CoreGPIO/core_gpio.o
LOAD ./drivers/CoreBRM1553/core_brm1553.o
LOAD ./main.o
START GROUP
LOAD c:/microsemi/softconsole_v4.0/arm-none-eabi-gcc/bin/../lib/gcc/arm-none-eabi/4.9.3/armv6-m\libgcc.a
LOAD c:/microsemi/softconsole_v4.0/arm-none-eabi-gcc/bin/../lib/gcc/arm-none-eabi/4.9.3/../../../../arm-none-eabi/lib/armv6-m\libg_nano.a
LOAD c:/microsemi/softconsole_v4.0/arm-none-eabi-gcc/bin/../lib/gcc/arm-none-eabi/4.9.3/../../../../arm-none-eabi/lib/armv6-m\libc_nano.a
END GROUP
START GROUP
LOAD c:/microsemi/softconsole_v4.0/arm-none-eabi-gcc/bin/../lib/gcc/arm-none-eabi/4.9.3/armv6-m\libgcc.a
LOAD c:/microsemi/softconsole_v4.0/arm-none-eabi-gcc/bin/../lib/gcc/arm-none-eabi/4.9.3/../../../../arm-none-eabi/lib/armv6-m\libc_nano.a
END GROUP
START GROUP
LOAD c:/microsemi/softconsole_v4.0/arm-none-eabi-gcc/bin/../lib/gcc/arm-none-eabi/4.9.3/../../../../arm-none-eabi/lib/armv6-m\libc.a
LOAD c:/microsemi/softconsole_v4.0/arm-none-eabi-gcc/bin/../lib/gcc/arm-none-eabi/4.9.3/armv6-m\libgcc.a
LOAD c:/microsemi/softconsole_v4.0/arm-none-eabi-gcc/bin/../lib/gcc/arm-none-eabi/4.9.3/../../../../arm-none-eabi/lib/armv6-m\libm.a
END GROUP
                0x00000000                __DYNAMIC = 0x0
                0x00000000                RAM_START_ADDRESS = 0x0
                0x00007000                RAM_SIZE = 0x7000
                0x00000800                MAIN_STACK_SIZE = 0x800
                0x00000800                PROCESS_STACK_SIZE = 0x800
                0x00007000                PROVIDE (__main_stack_start, (RAM_START_ADDRESS + RAM_SIZE))
                0x00006800                PROVIDE (__process_stack_start, (__main_stack_start - MAIN_STACK_SIZE))

.text           0x00000000      0xe34
 CREATE_OBJECT_SYMBOLS
                0x00000000                __text_load = LOADADDR (.text)
                0x00000000                __text_start = .
 *(.isr_vector)
 .isr_vector    0x00000000       0x60 ./hal/CortexM1/GNU/vector_table.o
 *(.text .text.* .gnu.linkonce.t.*)
 .text.NMI_Handler
                0x00000060        0x8 ./hal/CortexM1/GNU/default_handlers.o
                0x00000060                NMI_Handler
 .text.HardFault_Handler
                0x00000068        0x8 ./hal/CortexM1/GNU/default_handlers.o
                0x00000068                HardFault_Handler
 .text.SVC_Handler
                0x00000070        0x8 ./hal/CortexM1/GNU/default_handlers.o
                0x00000070                SVC_Handler
 .text.PendSV_Handler
                0x00000078        0x8 ./hal/CortexM1/GNU/default_handlers.o
                0x00000078                PendSV_Handler
 .text.HAL_assert_fail
                0x00000080       0x2c ./hal/CortexM1/GNU/hal_assert.o
                0x00000080                HAL_assert_fail
 .text          0x000000ac       0x66 ./hal/CortexM1/GNU/hw_reg_access.o
                0x000000ac                HW_set_32bit_reg
                0x000000b0                HW_get_32bit_reg
                0x000000b4                HW_set_32bit_reg_field
                0x000000c6                HW_get_32bit_reg_field
                0x000000ce                HW_set_16bit_reg
                0x000000d2                HW_get_16bit_reg
                0x000000d6                HW_set_16bit_reg_field
                0x000000e8                HW_get_16bit_reg_field
                0x000000f0                HW_set_8bit_reg
                0x000000f4                HW_get_8bit_reg
                0x000000f8                HW_set_8bit_reg_field
                0x0000010a                HW_get_8bit_reg_field
 *fill*         0x00000112        0x2 
 .text._start   0x00000114       0xac ./hal/CortexM1/GNU/sys_boot.o
                0x00000114                _start
 .text.NVIC_init
                0x000001c0       0x2c ./hal/CortexM1/cortex_nvic.o
                0x000001c0                NVIC_init
 .text.NVIC_enable_interrupt
                0x000001ec       0x28 ./hal/CortexM1/cortex_nvic.o
                0x000001ec                NVIC_enable_interrupt
 .text.NVIC_clear_interrupt
                0x00000214       0x28 ./hal/CortexM1/cortex_nvic.o
                0x00000214                NVIC_clear_interrupt
 .text.TMR_init
                0x0000023c      0x114 ./drivers/CoreTimer/core_timer.o
                0x0000023c                TMR_init
 .text.TMR_start
                0x00000350       0x54 ./drivers/CoreTimer/core_timer.o
                0x00000350                TMR_start
 .text.TMR_enable_int
                0x000003a4       0x54 ./drivers/CoreTimer/core_timer.o
                0x000003a4                TMR_enable_int
 .text.TMR_clear_int
                0x000003f8       0x50 ./drivers/CoreTimer/core_timer.o
                0x000003f8                TMR_clear_int
 .text.GPIO_init
                0x00000448      0x110 ./drivers/CoreGPIO/core_gpio.o
                0x00000448                GPIO_init
 .text.GPIO_config
                0x00000558       0x70 ./drivers/CoreGPIO/core_gpio.o
                0x00000558                GPIO_config
 .text.GPIO_set_output
                0x000005c8      0x254 ./drivers/CoreGPIO/core_gpio.o
                0x000005c8                GPIO_set_output
 .text.BRM_Reset
                0x0000081c       0x5c ./drivers/CoreBRM1553/core_brm1553.o
                0x0000081c                BRM_Reset
 .text.BRMReg_Config
                0x00000878       0x9c ./drivers/CoreBRM1553/core_brm1553.o
                0x00000878                BRMReg_Config
 .text.BRM_get_Cmd_Wrd
                0x00000914       0x98 ./drivers/CoreBRM1553/core_brm1553.o
                0x00000914                BRM_get_Cmd_Wrd
 .text.BRMCmdBlk_Config
                0x000009ac      0x16c ./drivers/CoreBRM1553/core_brm1553.o
                0x000009ac                BRMCmdBlk_Config
 .text.IRQ0_IRQHandler
                0x00000b18       0x14 ./main.o
                0x00000b18                IRQ0_IRQHandler
 .text.timer0_isr
                0x00000b2c       0x60 ./main.o
                0x00000b2c                timer0_isr
 .text.main     0x00000b8c      0x264 ./main.o
                0x00000b8c                main
 *(.plt)
 *(.gnu.warning)
 *(.glue_7t)
 .glue_7t       0x00000000        0x0 linker stubs
 *(.glue_7)
 .glue_7        0x00000000        0x0 linker stubs
 *(.vfp11_veneer)
 .vfp11_veneer  0x00000000        0x0 linker stubs
                0x00000df0                . = ALIGN (0x4)
 *crtbegin.o(.ctors)
 *(EXCLUDE_FILE(*crtend.o) .ctors)
 *(SORT(.ctors.*))
 *crtend.o(.ctors)
 *crtbegin.o(.dtors)
 *(EXCLUDE_FILE(*crtend.o) .dtors)
 *(SORT(.dtors.*))
 *crtend.o(.dtors)
 *(.rodata .rodata.* .gnu.linkonce.r.*)
 .rodata        0x00000df0       0x22 ./drivers/CoreTimer/core_timer.o
 *fill*         0x00000e12        0x2 
 .rodata        0x00000e14       0x20 ./drivers/CoreGPIO/core_gpio.o
 *(.ARM.extab* .gnu.linkonce.armextab.*)
 *(.gcc_except_table)
 *(.eh_frame_hdr)
 *(.eh_frame)
 *(.init)
 *(.fini)
                0x00000e34                PROVIDE (__preinit_array_start, .)
 *(.preinit_array)
                0x00000e34                PROVIDE (__preinit_array_end, .)
                0x00000e34                PROVIDE (__init_array_start, .)
 *(SORT(.init_array.*))
 *(.init_array)
                0x00000e34                PROVIDE (__init_array_end, .)
                0x00000e34                PROVIDE (__fini_array_start, .)
 *(.fini_array)
 *(SORT(.fini_array.*))
                0x00000e34                PROVIDE (__fini_array_end, .)
                0x00000e34                __exidx_start = .

.v4_bx          0x00000e34        0x0
 .v4_bx         0x00000000        0x0 linker stubs

.iplt           0x00000e34        0x0
 .iplt          0x00000000        0x0 ./hal/CortexM1/GNU/default_handlers.o

.rel.dyn        0x00000e34        0x0
 .rel.iplt      0x00000000        0x0 ./hal/CortexM1/GNU/default_handlers.o

.ARM.exidx
 *(.ARM.exidx* .gnu.linkonce.armexidx.*)
                0x00000e34                __exidx_end = .
                0x00000e34                _etext = .
                0x00000e34                PROVIDE (__text_end, .)

.data           0x00000e34        0x4
                0x00000e34                __data_load = LOADADDR (.data)
                0x00000e34                __data_start = .
 *(.jcr)
 *(.got.plt)
 *(.got)
 *(.shdata)
 *(.data .data.* .gnu.linkonce.d.*)
 .data.output_state
                0x00000e34        0x4 ./main.o
                0x00000e34                output_state
                0x00000e38                . = ALIGN (0x4)
                0x00000e38                _edata = .

.igot.plt       0x00000e38        0x0
 .igot.plt      0x00000000        0x0 ./hal/CortexM1/GNU/default_handlers.o

.bss            0x00000e38       0x28
                0x00000e38                __bss_start__ = .
 *(.shbss)
 *(.bss .bss.* .gnu.linkonce.b.*)
 .bss.NULL_timer_instance
                0x00000e38        0x4 ./drivers/CoreTimer/core_timer.o
 *(COMMON)
 COMMON         0x00000e3c       0x20 ./main.o
                0x00000e3c                g_timer0
                0x00000e40                g_gpio
                0x00000e48                tm1schedulecounter
                0x00000e4c                cycle_0
                0x00000e50                tm2schedulecounter
                0x00000e54                startbit
                0x00000e58                cycle_1
                0x00000e60                . = ALIGN (0x8)
 *fill*         0x00000e5c        0x4 
                0x00000e60                __bss_end__ = .
                0x00000e60                _end = .
                0x00000e60                __end = _end
                0x00000e60                PROVIDE (end, .)

.stack          0x00000e60     0x1000
                0x00000e60                . = ALIGN (0x4)
                0x00001660                . = (. + PROCESS_STACK_SIZE)
 *fill*         0x00000e60      0x800 
                0x00001660                . = ALIGN (0x4)
                0x00001e60                . = (. + MAIN_STACK_SIZE)
 *fill*         0x00001660      0x800 
                0x00001e60                . = ALIGN (0x4)

.stab
 *(.stab)

.stabstr
 *(.stabstr)

.debug
 *(.debug)

.line
 *(.line)

.debug_srcinfo
 *(.debug_srcinfo)

.debug_sfnames
 *(.debug_sfnames)

.debug_aranges  0x00000000      0x2c0
 *(.debug_aranges)
 .debug_aranges
                0x00000000       0x38 ./hal/CortexM1/GNU/default_handlers.o
 .debug_aranges
                0x00000038       0x20 ./hal/CortexM1/GNU/hal.o
 .debug_aranges
                0x00000058       0x20 ./hal/CortexM1/GNU/hal_assert.o
 .debug_aranges
                0x00000078       0x20 ./hal/CortexM1/GNU/hw_reg_access.o
 .debug_aranges
                0x00000098       0xa8 ./hal/CortexM1/GNU/newlib_stubs.o
 .debug_aranges
                0x00000140       0x20 ./hal/CortexM1/GNU/sys_boot.o
 .debug_aranges
                0x00000160       0x40 ./hal/CortexM1/cortex_nvic.o
 .debug_aranges
                0x000001a0       0x50 ./drivers/CoreTimer/core_timer.o
 .debug_aranges
                0x000001f0       0x68 ./drivers/CoreGPIO/core_gpio.o
 .debug_aranges
                0x00000258       0x38 ./drivers/CoreBRM1553/core_brm1553.o
 .debug_aranges
                0x00000290       0x30 ./main.o

.debug_pubnames
 *(.debug_pubnames)

.debug_info     0x00000000     0x1bf2
 *(.debug_info .gnu.linkonce.wi.*)
 .debug_info    0x00000000       0x6e ./hal/CortexM1/GNU/default_handlers.o
 .debug_info    0x0000006e       0x8a ./hal/CortexM1/GNU/hal.o
 .debug_info    0x000000f8      0x137 ./hal/CortexM1/GNU/hal_assert.o
 .debug_info    0x0000022f       0x94 ./hal/CortexM1/GNU/hw_reg_access.o
 .debug_info    0x000002c3      0x666 ./hal/CortexM1/GNU/newlib_stubs.o
 .debug_info    0x00000929      0x13b ./hal/CortexM1/GNU/sys_boot.o
 .debug_info    0x00000a64      0x15b ./hal/CortexM1/cortex_nvic.o
 .debug_info    0x00000bbf      0x34b ./drivers/CoreTimer/core_timer.o
 .debug_info    0x00000f0a      0x70d ./drivers/CoreGPIO/core_gpio.o
 .debug_info    0x00001617      0x1fc ./drivers/CoreBRM1553/core_brm1553.o
 .debug_info    0x00001813      0x3df ./main.o

.debug_abbrev   0x00000000      0x747
 *(.debug_abbrev)
 .debug_abbrev  0x00000000       0x2f ./hal/CortexM1/GNU/default_handlers.o
 .debug_abbrev  0x0000002f       0x14 ./hal/CortexM1/GNU/hal.o
 .debug_abbrev  0x00000043       0x92 ./hal/CortexM1/GNU/hal_assert.o
 .debug_abbrev  0x000000d5       0x14 ./hal/CortexM1/GNU/hw_reg_access.o
 .debug_abbrev  0x000000e9      0x14b ./hal/CortexM1/GNU/newlib_stubs.o
 .debug_abbrev  0x00000234       0x88 ./hal/CortexM1/GNU/sys_boot.o
 .debug_abbrev  0x000002bc       0xbc ./hal/CortexM1/cortex_nvic.o
 .debug_abbrev  0x00000378       0xdb ./drivers/CoreTimer/core_timer.o
 .debug_abbrev  0x00000453      0x152 ./drivers/CoreGPIO/core_gpio.o
 .debug_abbrev  0x000005a5       0xb5 ./drivers/CoreBRM1553/core_brm1553.o
 .debug_abbrev  0x0000065a       0xed ./main.o

.debug_line     0x00000000     0x1925
 *(.debug_line)
 .debug_line    0x00000000       0x97 ./hal/CortexM1/GNU/default_handlers.o
 .debug_line    0x00000097       0x4d ./hal/CortexM1/GNU/hal.o
 .debug_line    0x000000e4      0x237 ./hal/CortexM1/GNU/hal_assert.o
 .debug_line    0x0000031b       0x8b ./hal/CortexM1/GNU/hw_reg_access.o
 .debug_line    0x000003a6      0x412 ./hal/CortexM1/GNU/newlib_stubs.o
 .debug_line    0x000007b8       0x6d ./hal/CortexM1/GNU/sys_boot.o
 .debug_line    0x00000825      0x28b ./hal/CortexM1/cortex_nvic.o
 .debug_line    0x00000ab0      0x323 ./drivers/CoreTimer/core_timer.o
 .debug_line    0x00000dd3      0x3fe ./drivers/CoreGPIO/core_gpio.o
 .debug_line    0x000011d1      0x3f5 ./drivers/CoreBRM1553/core_brm1553.o
 .debug_line    0x000015c6      0x35f ./main.o

.debug_frame    0x00000000      0x954
 *(.debug_frame)
 .debug_frame   0x00000000       0x80 ./hal/CortexM1/GNU/default_handlers.o
 .debug_frame   0x00000080       0x30 ./hal/CortexM1/GNU/hal_assert.o
 .debug_frame   0x000000b0      0x248 ./hal/CortexM1/GNU/newlib_stubs.o
 .debug_frame   0x000002f8       0x30 ./hal/CortexM1/GNU/sys_boot.o
 .debug_frame   0x00000328       0xac ./hal/CortexM1/cortex_nvic.o
 .debug_frame   0x000003d4       0xf0 ./drivers/CoreTimer/core_timer.o
 .debug_frame   0x000004c4      0x150 ./drivers/CoreGPIO/core_gpio.o
 .debug_frame   0x00000614       0x94 ./drivers/CoreBRM1553/core_brm1553.o
 .debug_frame   0x000006a8       0x68 ./main.o
 .debug_frame   0x00000710       0x28 c:/microsemi/softconsole_v4.0/arm-none-eabi-gcc/bin/../lib/gcc/arm-none-eabi/4.9.3/../../../../arm-none-eabi/lib/armv6-m\libg_nano.a(lib_a-abort.o)
 .debug_frame   0x00000738       0x48 c:/microsemi/softconsole_v4.0/arm-none-eabi-gcc/bin/../lib/gcc/arm-none-eabi/4.9.3/../../../../arm-none-eabi/lib/armv6-m\libg_nano.a(lib_a-reent.o)
 .debug_frame   0x00000780       0xe0 c:/microsemi/softconsole_v4.0/arm-none-eabi-gcc/bin/../lib/gcc/arm-none-eabi/4.9.3/../../../../arm-none-eabi/lib/armv6-m\libg_nano.a(lib_a-signal.o)
 .debug_frame   0x00000860       0x44 c:/microsemi/softconsole_v4.0/arm-none-eabi-gcc/bin/../lib/gcc/arm-none-eabi/4.9.3/../../../../arm-none-eabi/lib/armv6-m\libg_nano.a(lib_a-signalr.o)
 .debug_frame   0x000008a4       0x2c c:/microsemi/softconsole_v4.0/arm-none-eabi-gcc/bin/../lib/gcc/arm-none-eabi/4.9.3/../../../../arm-none-eabi/lib/armv6-m\libg_nano.a(lib_a-syswrite.o)
 .debug_frame   0x000008d0       0x2c c:/microsemi/softconsole_v4.0/arm-none-eabi-gcc/bin/../lib/gcc/arm-none-eabi/4.9.3/../../../../arm-none-eabi/lib/armv6-m\libg_nano.a(lib_a-nano-freer.o)
 .debug_frame   0x000008fc       0x2c c:/microsemi/softconsole_v4.0/arm-none-eabi-gcc/bin/../lib/gcc/arm-none-eabi/4.9.3/../../../../arm-none-eabi/lib/armv6-m\libg_nano.a(lib_a-nano-mallocr.o)
 .debug_frame   0x00000928       0x2c c:/microsemi/softconsole_v4.0/arm-none-eabi-gcc/bin/../lib/gcc/arm-none-eabi/4.9.3/../../../../arm-none-eabi/lib/armv6-m\libg_nano.a(lib_a-sbrkr.o)

.debug_str      0x00000000     0x9a57
 *(.debug_str)
 .debug_str     0x00000000     0x23ac ./hal/CortexM1/GNU/default_handlers.o
 .debug_str     0x000023ac     0x127a ./hal/CortexM1/GNU/hal_assert.o
                               0x3733 (size before relaxing)
 .debug_str     0x00003626     0x4264 ./hal/CortexM1/GNU/newlib_stubs.o
                               0x690a (size before relaxing)
 .debug_str     0x0000788a       0xad ./hal/CortexM1/GNU/sys_boot.o
                               0x241f (size before relaxing)
 .debug_str     0x00007937      0x2ab ./hal/CortexM1/cortex_nvic.o
                               0x38cf (size before relaxing)
 .debug_str     0x00007be2      0x502 ./drivers/CoreTimer/core_timer.o
                               0x3c3b (size before relaxing)
 .debug_str     0x000080e4      0x9aa ./drivers/CoreGPIO/core_gpio.o
                               0x40e0 (size before relaxing)
 .debug_str     0x00008a8e      0xaa6 ./drivers/CoreBRM1553/core_brm1553.o
                               0x6b54 (size before relaxing)
 .debug_str     0x00009534      0x523 ./main.o
                               0x453a (size before relaxing)

.debug_loc
 *(.debug_loc)

.debug_macinfo
 *(.debug_macinfo)

.debug_weaknames
 *(.debug_weaknames)

.debug_funcnames
 *(.debug_funcnames)

.debug_typenames
 *(.debug_typenames)

.debug_varnames
 *(.debug_varnames)

.note.gnu.arm.ident
 *(.note.gnu.arm.ident)

.ARM.attributes
                0x00000000       0x2f
 *(.ARM.attributes)
 .ARM.attributes
                0x00000000       0x31 ./hal/CortexM1/GNU/default_handlers.o
 .ARM.attributes
                0x00000031       0x21 ./hal/CortexM1/GNU/hal.o
 .ARM.attributes
                0x00000052       0x31 ./hal/CortexM1/GNU/hal_assert.o
 .ARM.attributes
                0x00000083       0x21 ./hal/CortexM1/GNU/hw_reg_access.o
 .ARM.attributes
                0x000000a4       0x31 ./hal/CortexM1/GNU/newlib_stubs.o
 .ARM.attributes
                0x000000d5       0x31 ./hal/CortexM1/GNU/sys_boot.o
 .ARM.attributes
                0x00000106       0x21 ./hal/CortexM1/GNU/vector_table.o
 .ARM.attributes
                0x00000127       0x31 ./hal/CortexM1/cortex_nvic.o
 .ARM.attributes
                0x00000158       0x31 ./drivers/CoreTimer/core_timer.o
 .ARM.attributes
                0x00000189       0x31 ./drivers/CoreGPIO/core_gpio.o
 .ARM.attributes
                0x000001ba       0x31 ./drivers/CoreBRM1553/core_brm1553.o
 .ARM.attributes
                0x000001eb       0x31 ./main.o
 .ARM.attributes
                0x0000021c       0x2c c:/microsemi/softconsole_v4.0/arm-none-eabi-gcc/bin/../lib/gcc/arm-none-eabi/4.9.3/../../../../arm-none-eabi/lib/armv6-m\libg_nano.a(lib_a-abort.o)
 .ARM.attributes
                0x00000248       0x2c c:/microsemi/softconsole_v4.0/arm-none-eabi-gcc/bin/../lib/gcc/arm-none-eabi/4.9.3/../../../../arm-none-eabi/lib/armv6-m\libg_nano.a(lib_a-reent.o)
 .ARM.attributes
                0x00000274       0x2c c:/microsemi/softconsole_v4.0/arm-none-eabi-gcc/bin/../lib/gcc/arm-none-eabi/4.9.3/../../../../arm-none-eabi/lib/armv6-m\libg_nano.a(lib_a-signal.o)
 .ARM.attributes
                0x000002a0       0x2c c:/microsemi/softconsole_v4.0/arm-none-eabi-gcc/bin/../lib/gcc/arm-none-eabi/4.9.3/../../../../arm-none-eabi/lib/armv6-m\libg_nano.a(lib_a-signalr.o)
 .ARM.attributes
                0x000002cc       0x2c c:/microsemi/softconsole_v4.0/arm-none-eabi-gcc/bin/../lib/gcc/arm-none-eabi/4.9.3/../../../../arm-none-eabi/lib/armv6-m\libg_nano.a(lib_a-syswrite.o)
 .ARM.attributes
                0x000002f8       0x2c c:/microsemi/softconsole_v4.0/arm-none-eabi-gcc/bin/../lib/gcc/arm-none-eabi/4.9.3/../../../../arm-none-eabi/lib/armv6-m\libg_nano.a(lib_a-impure.o)
 .ARM.attributes
                0x00000324       0x2c c:/microsemi/softconsole_v4.0/arm-none-eabi-gcc/bin/../lib/gcc/arm-none-eabi/4.9.3/../../../../arm-none-eabi/lib/armv6-m\libg_nano.a(lib_a-nano-freer.o)
 .ARM.attributes
                0x00000350       0x2c c:/microsemi/softconsole_v4.0/arm-none-eabi-gcc/bin/../lib/gcc/arm-none-eabi/4.9.3/../../../../arm-none-eabi/lib/armv6-m\libg_nano.a(lib_a-nano-mallocr.o)
 .ARM.attributes
                0x0000037c       0x2c c:/microsemi/softconsole_v4.0/arm-none-eabi-gcc/bin/../lib/gcc/arm-none-eabi/4.9.3/../../../../arm-none-eabi/lib/armv6-m\libg_nano.a(lib_a-sbrkr.o)

/DISCARD/
 *(.note.GNU-stack)
 *(.isr_vector)
OUTPUT(m1_custom_apb_timer.elf elf32-littlearm)

.debug_ranges   0x00000000      0x1f0
 .debug_ranges  0x00000000       0x28 ./hal/CortexM1/GNU/default_handlers.o
 .debug_ranges  0x00000028       0x10 ./hal/CortexM1/GNU/hal_assert.o
 .debug_ranges  0x00000038       0x98 ./hal/CortexM1/GNU/newlib_stubs.o
 .debug_ranges  0x000000d0       0x10 ./hal/CortexM1/GNU/sys_boot.o
 .debug_ranges  0x000000e0       0x30 ./hal/CortexM1/cortex_nvic.o
 .debug_ranges  0x00000110       0x40 ./drivers/CoreTimer/core_timer.o
 .debug_ranges  0x00000150       0x58 ./drivers/CoreGPIO/core_gpio.o
 .debug_ranges  0x000001a8       0x28 ./drivers/CoreBRM1553/core_brm1553.o
 .debug_ranges  0x000001d0       0x20 ./main.o

.debug_macro    0x00000000     0x2dfa
 .debug_macro   0x00000000       0x11 ./hal/CortexM1/GNU/default_handlers.o
 .debug_macro   0x00000011      0x820 ./hal/CortexM1/GNU/default_handlers.o
 .debug_macro   0x00000831       0x80 ./hal/CortexM1/GNU/hal_assert.o
 .debug_macro   0x000008b1       0x22 ./hal/CortexM1/GNU/hal_assert.o
 .debug_macro   0x000008d3       0x44 ./hal/CortexM1/GNU/hal_assert.o
 .debug_macro   0x00000917       0x58 ./hal/CortexM1/GNU/hal_assert.o
 .debug_macro   0x0000096f       0x22 ./hal/CortexM1/GNU/hal_assert.o
 .debug_macro   0x00000991      0x1df ./hal/CortexM1/GNU/hal_assert.o
 .debug_macro   0x00000b70       0x64 ./hal/CortexM1/GNU/hal_assert.o
 .debug_macro   0x00000bd4       0x10 ./hal/CortexM1/GNU/hal_assert.o
 .debug_macro   0x00000be4      0x18c ./hal/CortexM1/GNU/newlib_stubs.o
 .debug_macro   0x00000d70       0x58 ./hal/CortexM1/GNU/newlib_stubs.o
 .debug_macro   0x00000dc8       0x35 ./hal/CortexM1/GNU/newlib_stubs.o
 .debug_macro   0x00000dfd       0x9c ./hal/CortexM1/GNU/newlib_stubs.o
 .debug_macro   0x00000e99       0x16 ./hal/CortexM1/GNU/newlib_stubs.o
 .debug_macro   0x00000eaf      0x10e ./hal/CortexM1/GNU/newlib_stubs.o
 .debug_macro   0x00000fbd       0x86 ./hal/CortexM1/GNU/newlib_stubs.o
 .debug_macro   0x00001043       0x4a ./hal/CortexM1/GNU/newlib_stubs.o
 .debug_macro   0x0000108d       0x52 ./hal/CortexM1/GNU/newlib_stubs.o
 .debug_macro   0x000010df       0x16 ./hal/CortexM1/GNU/newlib_stubs.o
 .debug_macro   0x000010f5       0x43 ./hal/CortexM1/GNU/newlib_stubs.o
 .debug_macro   0x00001138      0x180 ./hal/CortexM1/GNU/newlib_stubs.o
 .debug_macro   0x000012b8      0x27a ./hal/CortexM1/GNU/newlib_stubs.o
 .debug_macro   0x00001532       0x16 ./hal/CortexM1/GNU/newlib_stubs.o
 .debug_macro   0x00001548       0x29 ./hal/CortexM1/GNU/newlib_stubs.o
 .debug_macro   0x00001571       0x16 ./hal/CortexM1/GNU/newlib_stubs.o
 .debug_macro   0x00001587       0x10 ./hal/CortexM1/GNU/newlib_stubs.o
 .debug_macro   0x00001597       0x35 ./hal/CortexM1/GNU/newlib_stubs.o
 .debug_macro   0x000015cc       0x22 ./hal/CortexM1/GNU/newlib_stubs.o
 .debug_macro   0x000015ee       0xbe ./hal/CortexM1/GNU/newlib_stubs.o
 .debug_macro   0x000016ac      0x48e ./hal/CortexM1/GNU/newlib_stubs.o
 .debug_macro   0x00001b3a       0x16 ./hal/CortexM1/GNU/newlib_stubs.o
 .debug_macro   0x00001b50       0x10 ./hal/CortexM1/GNU/newlib_stubs.o
 .debug_macro   0x00001b60       0x10 ./hal/CortexM1/GNU/newlib_stubs.o
 .debug_macro   0x00001b70       0x10 ./hal/CortexM1/GNU/newlib_stubs.o
 .debug_macro   0x00001b80       0x35 ./hal/CortexM1/GNU/newlib_stubs.o
 .debug_macro   0x00001bb5      0x122 ./hal/CortexM1/GNU/newlib_stubs.o
 .debug_macro   0x00001cd7       0x10 ./hal/CortexM1/GNU/newlib_stubs.o
 .debug_macro   0x00001ce7      0x241 ./hal/CortexM1/GNU/newlib_stubs.o
 .debug_macro   0x00001f28       0x11 ./hal/CortexM1/GNU/sys_boot.o
 .debug_macro   0x00001f39       0x9b ./hal/CortexM1/cortex_nvic.o
 .debug_macro   0x00001fd4       0x10 ./hal/CortexM1/cortex_nvic.o
 .debug_macro   0x00001fe4       0x52 ./hal/CortexM1/cortex_nvic.o
 .debug_macro   0x00002036       0x98 ./drivers/CoreTimer/core_timer.o
 .debug_macro   0x000020ce       0x4c ./drivers/CoreTimer/core_timer.o
 .debug_macro   0x0000211a       0xd6 ./drivers/CoreTimer/core_timer.o
 .debug_macro   0x000021f0       0xbc ./drivers/CoreGPIO/core_gpio.o
 .debug_macro   0x000022ac      0x11c ./drivers/CoreGPIO/core_gpio.o
 .debug_macro   0x000023c8       0x64 ./drivers/CoreGPIO/core_gpio.o
 .debug_macro   0x0000242c      0x1ae ./drivers/CoreBRM1553/core_brm1553.o
 .debug_macro   0x000025da       0xee ./drivers/CoreBRM1553/core_brm1553.o
 .debug_macro   0x000026c8      0x16d ./drivers/CoreBRM1553/core_brm1553.o
 .debug_macro   0x00002835       0x10 ./drivers/CoreBRM1553/core_brm1553.o
 .debug_macro   0x00002845       0x1c ./drivers/CoreBRM1553/core_brm1553.o
 .debug_macro   0x00002861       0x10 ./drivers/CoreBRM1553/core_brm1553.o
 .debug_macro   0x00002871       0x16 ./drivers/CoreBRM1553/core_brm1553.o
 .debug_macro   0x00002887      0x197 ./drivers/CoreBRM1553/core_brm1553.o
 .debug_macro   0x00002a1e       0xda ./main.o
 .debug_macro   0x00002af8       0x9a ./main.o
 .debug_macro   0x00002b92       0x52 ./main.o
 .debug_macro   0x00002be4      0x122 ./main.o
 .debug_macro   0x00002d06       0xf4 ./main.o

.comment        0x00000000       0x70
 .comment       0x00000000       0x70 ./hal/CortexM1/GNU/default_handlers.o
                                 0x71 (size before relaxing)
 .comment       0x00000000       0x71 ./hal/CortexM1/GNU/hal_assert.o
 .comment       0x00000000       0x71 ./hal/CortexM1/GNU/newlib_stubs.o
 .comment       0x00000000       0x71 ./hal/CortexM1/GNU/sys_boot.o
 .comment       0x00000000       0x71 ./hal/CortexM1/cortex_nvic.o
 .comment       0x00000000       0x71 ./drivers/CoreTimer/core_timer.o
 .comment       0x00000000       0x71 ./drivers/CoreGPIO/core_gpio.o
 .comment       0x00000000       0x71 ./drivers/CoreBRM1553/core_brm1553.o
 .comment       0x00000000       0x71 ./main.o
